#-----------------------------------------------------------
# Vivado v2022.2 (64-bit)
# SW Build 3671981 on Fri Oct 14 04:59:54 MDT 2022
# IP Build 3669848 on Fri Oct 14 08:30:02 MDT 2022
# Start of session at: Fri Apr  7 19:02:53 2023
# Process ID: 3140
# Current directory: /home/menios/Desktop/ibex-demo-system
# Command line: vivado
# Log file: /home/menios/Desktop/ibex-demo-system/vivado.log
# Journal file: /home/menios/Desktop/ibex-demo-system/vivado.jou
# Running On: menios-virtual-machine, OS: Linux, CPU Frequency: 3293.717 MHz, CPU Physical cores: 4, Host memory: 8299 MB
#-----------------------------------------------------------
start_gui
open_project /home/menios/Desktop/ibex-demo-system/build/lowrisc_ibex_demo_system_0/synth-vivado/lowrisc_ibex_demo_system_0.xpr
open_hw_manager
connect_hw_server -allow_non_jtag
open_hw_target
set_property PROGRAM.FILE {/home/menios/Desktop/ibex-demo-system/build/lowrisc_ibex_demo_system_0/synth-vivado/lowrisc_ibex_demo_system_0.runs/impl_1/top_artya7.bit} [get_hw_devices xc7a100t_0]
current_hw_device [get_hw_devices xc7a100t_0]
refresh_hw_device -update_hw_probes false [lindex [get_hw_devices xc7a100t_0] 0]
set_property PROBES.FILE {} [get_hw_devices xc7a100t_0]
set_property FULL_PROBES.FILE {} [get_hw_devices xc7a100t_0]
set_property PROGRAM.FILE {/home/menios/Desktop/ibex-demo-system/build/lowrisc_ibex_demo_system_0/synth-vivado/lowrisc_ibex_demo_system_0.runs/impl_1/top_artya7.bit} [get_hw_devices xc7a100t_0]
program_hw_devices [get_hw_devices xc7a100t_0]
refresh_hw_device [lindex [get_hw_devices xc7a100t_0] 0]
set_property PROBES.FILE {} [get_hw_devices xc7a100t_0]
set_property FULL_PROBES.FILE {} [get_hw_devices xc7a100t_0]
set_property PROGRAM.FILE {/home/menios/Desktop/ibex-demo-system/build/lowrisc_ibex_demo_system_0/synth-vivado/lowrisc_ibex_demo_system_0.runs/impl_1/top_artya7.bit} [get_hw_devices xc7a100t_0]
program_hw_devices [get_hw_devices xc7a100t_0]
refresh_hw_device [lindex [get_hw_devices xc7a100t_0] 0]
reset_run impl_1 -prev_step 
launch_runs impl_1 -to_step write_bitstream -jobs 2
wait_on_run impl_1
close_hw_manager
